// Jest Snapshot v1, https://goo.gl/fbAQLP

exports[`Index Page should match snapshot 1`] = `ShallowWrapper {}`;
