// Jest Snapshot v1, https://goo.gl/fbAQLP

exports[`Single Page should match snapshot 1`] = `ShallowWrapper {}`;
